<html>
<body>
<pre>
<h1>µVision Build Log</h1>
<h2>Tool Versions:</h2>
IDE-Version: ¦ÌVision V5.18a
Copyright (C) 2016 ARM Ltd and ARM Germany GmbH. All rights reserved.
License Information: 123 Microsoft, Microsoft, LIC=47GU5-G0Q0V-II05V-PJY2K-N40U2-1ZSLR
 
Tool Versions:
Toolchain:       MDK-ARM Standard  Version: 5.18a
Toolchain Path:  C:\Keil_v5\ARM\ARMCC\Bin
C Compiler:      Armcc.exe V5.06 update 1 (build 61)
Assembler:       Armasm.exe V5.06 update 1 (build 61)
Linker/Locator:  ArmLink.exe V5.06 update 1 (build 61)
Library Manager: ArmAr.exe V5.06 update 1 (build 61)
Hex Converter:   FromElf.exe V5.06 update 1 (build 61)
CPU DLL:         SARMCM3.DLL V5.18a
Dialog DLL:      DCM.DLL V1.13.6.0
Target DLL:      Segger\JL2CM3.dll V2.99.19.0
Dialog DLL:      TCM.DLL V1.14.8.0
 
<h2>Project:</h2>
F:\RTThread\STM32\stm32f103Rb\project.uvprojx
Project File Date:  12/25/2021

<h2>Output:</h2>
*** Using Compiler 'V5.06 update 1 (build 61)', folder: 'C:\Keil_v5\ARM\ARMCC\Bin'
Rebuild target 'rt-thread'
compiling div0.c...
compiling backtrace.c...
compiling main.c...
compiling showmem.c...
compiling at24cxx.c...
assembling context_rvds.S...
compiling i2c_core.c...
compiling i2c_dev.c...
compiling cpuport.c...
compiling i2c-bit-ops.c...
compiling pin.c...
compiling waitqueue.c...
compiling serial.c...
compiling ringblk_buf.c...
compiling dataqueue.c...
compiling workqueue.c...
compiling ringbuffer.c...
compiling pipe.c...
compiling completion.c...
compiling drv_gpio.c...
compiling drv_soft_i2c.c...
compiling drv_usart.c...
compiling shell.c...
compiling drv_common.c...
compiling board.c...
compiling msh.c...
compiling clock.c...
compiling cmd.c...
compiling signal.c...
compiling object.c...
compiling kservice.c...
compiling ipc.c...
compiling device.c...
compiling components.c...
compiling mem.c...
compiling irq.c...
compiling scheduler.c...
compiling mempool.c...
compiling idle.c...
compiling thread.c...
compiling timer.c...
compiling memheap.c...
compiling time.c...
compiling stm32f1xx_hal_rcc_ex.c...
compiling stm32f1xx_hal_cortex.c...
compiling stm32f1xx_hal_gpio_ex.c...
compiling stm32f1xx_hal_pwr.c...
compiling stm32f1xx_hal_rcc.c...
compiling stm32f1xx_hal_dma.c...
compiling stm32f1xx_hal_crc.c...
compiling system_stm32f1xx.c...
compiling stm32f1xx_hal_uart.c...
compiling stm32f1xx_hal.c...
compiling stm32f1xx_hal_i2c.c...
compiling stm32f1xx_hal_cec.c...
assembling startup_stm32f103xb.s...
compiling stm32f1xx_hal_usart.c...
compiling stm32f1xx_hal_gpio.c...
compiling rs485_sample_slave.c...
compiling rs485_sample_master.c...
compiling rs485_test.c...
compiling rs485.c...
compiling LCDConf_FlexColor_Template.c...
compiling GUI_X_OS.c...
compiling GUIConf.c...
compiling GUIDRV_Template.c...
linking...
Program Size: Code=49680 RO-data=5668 RW-data=620 ZI-data=3268  
After Build - User command #1: fromelf --bin .\build\keil\Obj\rt-thread.axf --output rtthread.bin
".\build\keil\Obj\rt-thread.axf" - 0 Error(s), 0 Warning(s).

<h2>Collection of Component include folders:</h2>
  F:\RTThread\STM32\stm32f103Rb\RTE
  C:\Keil_v5\ARM\PACK\Keil\STM32F1xx_DFP\2.4.0\Device\Include

<h2>Collection of Component Files used:</h2>
Build Time Elapsed:  00:00:07
</pre>
</body>
</html>
